2025-07-25 01:51:38,084 utils.py get_cards_data INFO: DataFrame загружен из файла
2025-07-25 01:51:38,630 utils.py get_cards_data INFO: Определение диапазона дат
2025-07-25 01:51:38,635 utils.py get_cards_data INFO: Фильтрация по статусу и сумме платежа
2025-07-25 01:51:38,761 utils.py get_cards_data INFO: Создание списка результатов
2025-07-25 01:59:49,804 utils.py get_top_transactions INFO: DataFrame загружен из файла
2025-07-25 01:59:50,185 utils.py get_top_transactions INFO: Определение диапазона дат
2025-07-25 01:59:50,189 utils.py get_top_transactions INFO: Фильтрация по статусу и сумме платежа
2025-07-25 01:59:50,210 utils.py get_top_transactions INFO: Сортировка по сумме платежа
2025-07-25 01:59:50,210 utils.py get_top_transactions INFO: Создание списка результатов
2025-07-25 19:40:28,259 utils.py get_settings INFO: Преобразование JSON-файла с кодами валют и акций
2025-07-25 19:40:29,208 utils.py get_rates INFO: Отправка API-запроса на получение курсов валют
2025-07-25 19:40:29,208 utils.py get_rates INFO: Создание списка результатов с курсами валют
2025-07-25 19:40:29,210 utils.py get_settings INFO: Преобразование JSON-файла с кодами валют и акций
2025-07-25 19:40:30,046 utils.py get_rates INFO: Отправка API-запроса на получение курсов валют
2025-07-25 19:40:30,046 utils.py get_rates INFO: Создание списка результатов с курсами валют
2025-07-25 19:41:55,682 utils.py get_settings INFO: Преобразование JSON-файла с кодами валют и акций
2025-07-25 19:41:56,373 utils.py get_stocks INFO: Отправка API-запроса на получение стомости акций
2025-07-25 19:41:56,375 utils.py get_stocks INFO: Создание списка результатов с стоимостями акций
2025-07-25 19:41:56,376 utils.py get_settings INFO: Преобразование JSON-файла с кодами валют и акций
2025-07-25 19:41:56,902 utils.py get_stocks INFO: Отправка API-запроса на получение стомости акций
2025-07-25 19:41:56,902 utils.py get_stocks INFO: Создание списка результатов с стоимостями акций
2025-07-25 19:41:56,903 utils.py get_settings INFO: Преобразование JSON-файла с кодами валют и акций
2025-07-25 19:41:57,453 utils.py get_stocks INFO: Отправка API-запроса на получение стомости акций
2025-07-25 19:41:57,453 utils.py get_stocks INFO: Создание списка результатов с стоимостями акций
2025-07-25 19:41:57,454 utils.py get_settings INFO: Преобразование JSON-файла с кодами валют и акций
2025-07-25 19:41:58,010 utils.py get_stocks INFO: Отправка API-запроса на получение стомости акций
2025-07-25 19:41:58,010 utils.py get_stocks INFO: Создание списка результатов с стоимостями акций
2025-07-25 19:41:58,011 utils.py get_settings INFO: Преобразование JSON-файла с кодами валют и акций
2025-07-25 19:41:58,565 utils.py get_stocks INFO: Отправка API-запроса на получение стомости акций
2025-07-25 19:41:58,565 utils.py get_stocks INFO: Создание списка результатов с стоимостями акций
2025-07-25 20:03:34,862 utils.py get_cards_data INFO: DataFrame загружен из файла
2025-07-25 20:03:35,438 utils.py get_cards_data INFO: Определение диапазона дат
2025-07-25 20:03:35,446 utils.py get_cards_data INFO: Фильтрация по статусу и сумме платежа
2025-07-25 20:03:35,580 utils.py get_cards_data INFO: Создание списка результатов
2025-07-25 20:03:39,923 utils.py get_top_transactions INFO: DataFrame загружен из файла
2025-07-25 20:03:40,046 utils.py get_top_transactions INFO: Определение диапазона дат
2025-07-25 20:03:40,047 utils.py get_top_transactions INFO: Фильтрация по статусу
2025-07-25 20:03:40,136 utils.py get_top_transactions INFO: Сортировка по сумме платежа
2025-07-25 20:03:40,136 utils.py get_top_transactions INFO: Создание списка результатов
2025-07-25 20:03:40,234 utils.py get_settings INFO: Преобразование JSON-файла с кодами валют и акций
2025-07-25 20:03:41,236 utils.py get_rates INFO: Отправка API-запроса на получение курсов валют
2025-07-25 20:03:41,237 utils.py get_rates INFO: Создание списка результатов с курсами валют
2025-07-25 20:03:41,238 utils.py get_settings INFO: Преобразование JSON-файла с кодами валют и акций
2025-07-25 20:03:41,962 utils.py get_rates INFO: Отправка API-запроса на получение курсов валют
2025-07-25 20:03:41,963 utils.py get_rates INFO: Создание списка результатов с курсами валют
2025-07-25 20:03:41,965 utils.py get_settings INFO: Преобразование JSON-файла с кодами валют и акций
2025-07-25 20:03:42,645 utils.py get_stocks INFO: Отправка API-запроса на получение стомости акций
2025-07-25 20:03:42,646 utils.py get_stocks INFO: Создание списка результатов с стоимостями акций
2025-07-25 20:03:42,648 utils.py get_settings INFO: Преобразование JSON-файла с кодами валют и акций
2025-07-25 20:03:43,186 utils.py get_stocks INFO: Отправка API-запроса на получение стомости акций
2025-07-25 20:03:43,187 utils.py get_stocks INFO: Создание списка результатов с стоимостями акций
2025-07-25 20:03:43,188 utils.py get_settings INFO: Преобразование JSON-файла с кодами валют и акций
2025-07-25 20:03:43,731 utils.py get_stocks INFO: Отправка API-запроса на получение стомости акций
2025-07-25 20:03:43,731 utils.py get_stocks INFO: Создание списка результатов с стоимостями акций
2025-07-25 20:03:43,733 utils.py get_settings INFO: Преобразование JSON-файла с кодами валют и акций
2025-07-25 20:03:44,827 utils.py get_stocks INFO: Отправка API-запроса на получение стомости акций
2025-07-25 20:03:44,850 utils.py get_stocks INFO: Создание списка результатов с стоимостями акций
2025-07-25 20:03:44,850 utils.py get_settings INFO: Преобразование JSON-файла с кодами валют и акций
2025-07-25 20:03:45,458 utils.py get_stocks INFO: Отправка API-запроса на получение стомости акций
2025-07-25 20:03:45,458 utils.py get_stocks INFO: Создание списка результатов с стоимостями акций
2025-07-25 21:54:12,973 utils.py get_cards_data INFO: DataFrame загружен из файла
2025-07-25 21:54:13,003 utils.py get_cards_data INFO: Определение диапазона дат
2025-07-25 21:54:13,008 utils.py get_cards_data INFO: Фильтрация по статусу и сумме платежа
2025-07-25 21:54:13,066 utils.py get_cards_data INFO: Создание списка результатов
2025-07-25 21:54:13,086 utils.py get_top_transactions INFO: DataFrame загружен из файла
2025-07-25 21:54:13,097 utils.py get_top_transactions INFO: Определение диапазона дат
2025-07-25 21:54:13,099 utils.py get_top_transactions INFO: Фильтрация по статусу
2025-07-25 21:54:13,105 utils.py get_top_transactions INFO: Сортировка по сумме платежа
2025-07-25 21:54:13,105 utils.py get_top_transactions INFO: Создание списка результатов
2025-07-25 21:54:13,171 utils.py get_rates INFO: Отправка API-запроса на получение курсов валют
2025-07-25 21:54:13,172 utils.py get_rates INFO: Создание списка результатов с курсами валют
2025-07-25 21:54:13,173 utils.py get_rates INFO: Отправка API-запроса на получение курсов валют
2025-07-25 21:54:13,176 utils.py get_rates INFO: Создание списка результатов с курсами валют
2025-07-25 23:02:39,754 utils.py get_cards_data INFO: DataFrame загружен из файла
2025-07-25 23:02:39,815 utils.py get_cards_data INFO: Определение диапазона дат
2025-07-25 23:02:39,821 utils.py get_cards_data INFO: Фильтрация по статусу и сумме платежа
2025-07-25 23:02:39,921 utils.py get_cards_data INFO: Создание списка результатов
2025-07-25 23:02:39,958 utils.py get_top_transactions INFO: DataFrame загружен из файла
2025-07-25 23:02:39,967 utils.py get_top_transactions INFO: Определение диапазона дат
2025-07-25 23:02:39,970 utils.py get_top_transactions INFO: Фильтрация по статусу
2025-07-25 23:02:39,975 utils.py get_top_transactions INFO: Сортировка по сумме платежа
2025-07-25 23:02:39,976 utils.py get_top_transactions INFO: Создание списка результатов
2025-07-25 23:02:40,050 utils.py get_rates INFO: Отправка API-запроса на получение курсов валют
2025-07-25 23:02:40,051 utils.py get_rates INFO: Создание списка результатов с курсами валют
2025-07-25 23:02:40,054 utils.py get_rates INFO: Отправка API-запроса на получение курсов валют
2025-07-25 23:02:40,055 utils.py get_rates INFO: Создание списка результатов с курсами валют
